<?xml version="1.0" encoding="UTF-8"?>
<TestRun id="ac601c55-24ed-412e-9022-4244f51edcd8" name="Shawn@SH-DEV-042 2013-01-16 12:00:16" runUser="SH-DEV-042\Shawn" xmlns="http://microsoft.com/schemas/VisualStudio/TeamTest/2010">
  <TestSettings name="Default Test Settings" id="f8fe1838-39b1-41ce-bbe7-aba8d1061e69">
    <Deployment userDeploymentRoot="C:\Dropbox\Lib\Projects\Voodoo\Voodoo.TestData\TestResults" useDefaultDeploymentRoot="false" runDeploymentRoot="Shawn_SH-DEV-042 2013-01-16 12_00_16">
      <DeploymentItem filename="C:\Dropbox\Lib\Projects\Voodoo\Voodoo.TestData\Voodoo.TestData\bin\Debug\Voodoo.TestData.dll" />
    </Deployment>
    <Execution>
      <TestTypeSpecific />
      <AgentRule name="Execution Agents">
      </AgentRule>
    </Execution>
  </TestSettings>
  <Times creation="2013-01-16T12:00:16.1783110-06:00" queuing="2013-01-16T12:00:17.6618491-06:00" start="2013-01-16T12:00:17.7776559-06:00" finish="2013-01-16T12:00:30.3055203-06:00" />
  <ResultSummary outcome="Completed">
    <Counters total="1" executed="1" passed="1" error="0" failed="0" timeout="0" aborted="0" inconclusive="0" passedButRunAborted="0" notRunnable="0" notExecuted="0" disconnected="0" warning="0" completed="0" inProgress="0" pending="0" />
  </ResultSummary>
  <TestDefinitions>
    <UnitTest name="TestNotSettingSeedCausesTheSameValuesToBeGeneratede" storage="c:\dropbox\lib\projects\voodoo\voodoo.testdata\voodoo.testdata.tests\bin\debug\voodootestdatatest.dll" id="27c6d0c3-34db-9d64-8a06-a9f980b13db7">
      <Execution id="60c1166d-d04e-42bd-966b-c5cb226128df" />
      <TestMethod codeBase="C:/Dropbox/Lib/Projects/Voodoo/Voodoo.TestData/Voodoo.TestData.Tests/bin/Debug/VoodooTestDataTest.DLL" adapterTypeName="Microsoft.VisualStudio.TestTools.TestTypes.Unit.UnitTestAdapter, Microsoft.VisualStudio.QualityTools.Tips.UnitTest.Adapter, Version=10.0.0.0, Culture=neutral, PublicKeyToken=b03f5f7f11d50a3a" className="Voodoo.TestDataTest.RandomTest, VoodooTestDataTest, Version=1.0.0.0, Culture=neutral, PublicKeyToken=null" name="TestNotSettingSeedCausesTheSameValuesToBeGeneratede" />
    </UnitTest>
  </TestDefinitions>
  <TestLists>
    <TestList name="Results Not in a List" id="8c84fa94-04c1-424b-9868-57a2d4851a1d" />
    <TestList name="All Loaded Results" id="19431567-8539-422a-85d7-44ee4e166bda" />
  </TestLists>
  <TestEntries>
    <TestEntry testId="27c6d0c3-34db-9d64-8a06-a9f980b13db7" executionId="60c1166d-d04e-42bd-966b-c5cb226128df" testListId="8c84fa94-04c1-424b-9868-57a2d4851a1d" />
  </TestEntries>
  <Results>
    <UnitTestResult executionId="60c1166d-d04e-42bd-966b-c5cb226128df" testId="27c6d0c3-34db-9d64-8a06-a9f980b13db7" testName="TestNotSettingSeedCausesTheSameValuesToBeGeneratede" computerName="SH-DEV-042" duration="00:00:11.8259290" startTime="2013-01-16T12:00:17.8937132-06:00" endTime="2013-01-16T12:00:30.2424976-06:00" testType="13cdc9d9-ddb5-4fa4-a97d-d965ccfc6d4b" outcome="Passed" testListId="8c84fa94-04c1-424b-9868-57a2d4851a1d" relativeResultsDirectory="60c1166d-d04e-42bd-966b-c5cb226128df">
      <Output>
        <DebugTrace>1st Pass
2
7
8
3
7
2
1
8
3
7
2nd Pass
1
1
3
1
8
6
7
4
4
8
3rd Pass
3
5
6
5
6
5
5
1
9
6
</DebugTrace>
      </Output>
    </UnitTestResult>
  </Results>
</TestRun>