<?xml version="1.0" encoding="UTF-8"?>
<TestRun id="14b3aa43-8d6f-435b-8dcf-88f9f62ecd48" name="Shawn@SH-DEV-042 2013-01-16 12:03:35" runUser="SH-DEV-042\Shawn" xmlns="http://microsoft.com/schemas/VisualStudio/TeamTest/2010">
  <TestSettings name="Default Test Settings" id="067b937d-87fd-4436-b67f-c22711a89d69">
    <Deployment userDeploymentRoot="C:\Dropbox\Lib\Projects\Voodoo\Voodoo.TestData\TestResults" useDefaultDeploymentRoot="false" runDeploymentRoot="Shawn_SH-DEV-042 2013-01-16 12_03_35">
      <DeploymentItem filename="C:\Dropbox\Lib\Projects\Voodoo\Voodoo.TestData\Voodoo.TestData\bin\Debug\Voodoo.TestData.dll" />
    </Deployment>
    <Execution>
      <TestTypeSpecific />
      <AgentRule name="Execution Agents">
      </AgentRule>
    </Execution>
  </TestSettings>
  <Times creation="2013-01-16T12:03:35.7591768-06:00" queuing="2013-01-16T12:03:37.2066967-06:00" start="2013-01-16T12:03:37.3667534-06:00" finish="2013-01-16T12:03:50.0927272-06:00" />
  <ResultSummary outcome="Failed">
    <Counters total="1" executed="1" error="0" failed="1" timeout="0" aborted="0" inconclusive="0" passedButRunAborted="0" notRunnable="0" notExecuted="0" disconnected="0" warning="0" passed="0" completed="0" inProgress="0" pending="0" />
  </ResultSummary>
  <TestDefinitions>
    <UnitTest name="TestNotSettingSeedCausesTheSameValuesToBeGeneratede" storage="c:\dropbox\lib\projects\voodoo\voodoo.testdata\voodoo.testdata.tests\bin\debug\voodootestdatatest.dll" id="27c6d0c3-34db-9d64-8a06-a9f980b13db7">
      <Execution id="890ed6be-e6f1-4502-9841-1f385e3d4a39" />
      <TestMethod codeBase="C:/Dropbox/Lib/Projects/Voodoo/Voodoo.TestData/Voodoo.TestData.Tests/bin/Debug/VoodooTestDataTest.DLL" adapterTypeName="Microsoft.VisualStudio.TestTools.TestTypes.Unit.UnitTestAdapter, Microsoft.VisualStudio.QualityTools.Tips.UnitTest.Adapter, Version=10.0.0.0, Culture=neutral, PublicKeyToken=b03f5f7f11d50a3a" className="Voodoo.TestDataTest.RandomTest, VoodooTestDataTest, Version=1.0.0.0, Culture=neutral, PublicKeyToken=null" name="TestNotSettingSeedCausesTheSameValuesToBeGeneratede" />
    </UnitTest>
  </TestDefinitions>
  <TestLists>
    <TestList name="Results Not in a List" id="8c84fa94-04c1-424b-9868-57a2d4851a1d" />
    <TestList name="All Loaded Results" id="19431567-8539-422a-85d7-44ee4e166bda" />
  </TestLists>
  <TestEntries>
    <TestEntry testId="27c6d0c3-34db-9d64-8a06-a9f980b13db7" executionId="890ed6be-e6f1-4502-9841-1f385e3d4a39" testListId="8c84fa94-04c1-424b-9868-57a2d4851a1d" />
  </TestEntries>
  <Results>
    <UnitTestResult executionId="890ed6be-e6f1-4502-9841-1f385e3d4a39" testId="27c6d0c3-34db-9d64-8a06-a9f980b13db7" testName="TestNotSettingSeedCausesTheSameValuesToBeGeneratede" computerName="SH-DEV-042" duration="00:00:12.0610521" startTime="2013-01-16T12:03:37.5096609-06:00" endTime="2013-01-16T12:03:50.0407087-06:00" testType="13cdc9d9-ddb5-4fa4-a97d-d965ccfc6d4b" outcome="Failed" testListId="8c84fa94-04c1-424b-9868-57a2d4851a1d" relativeResultsDirectory="890ed6be-e6f1-4502-9841-1f385e3d4a39">
      <Output>
        <DebugTrace>1st Pass
7
4
9
6
9
8
9
3
6
3
2nd Pass
7
1
4
8
9
2
8
7
2
4
3rd Pass
2
5
6
2
9
9
1
6
2
9
</DebugTrace>
        <ErrorInfo>
          <Message>Assert.IsFalse failed. </Message>
          <StackTrace>   at Voodoo.TestDataTest.RandomTest.TestNotSettingSeedCausesTheSameValuesToBeGeneratede() in C:\Dropbox\Lib\Projects\Voodoo\Voodoo.TestData\Voodoo.TestData.Tests\RandomTest.cs:line 134
</StackTrace>
        </ErrorInfo>
      </Output>
    </UnitTestResult>
  </Results>
</TestRun>