<?xml version="1.0" encoding="UTF-8"?>
<TestRun id="2ef568ab-5bbe-49e4-a540-33591522ed93" name="Shawn@SH-DEV-042 2013-01-16 12:28:37" runUser="SH-DEV-042\Shawn" xmlns="http://microsoft.com/schemas/VisualStudio/TeamTest/2010">
  <TestSettings name="Default Test Settings" id="15b3c000-2922-4e84-9296-4b8094b392b1">
    <Deployment userDeploymentRoot="C:\Dropbox\Lib\Projects\Voodoo\Voodoo.TestData\TestResults" useDefaultDeploymentRoot="false" runDeploymentRoot="Shawn_SH-DEV-042 2013-01-16 12_28_37">
      <DeploymentItem filename="C:\Dropbox\Lib\Projects\Voodoo\Voodoo.TestData\Voodoo.TestData\bin\Debug\Voodoo.TestData.dll" />
    </Deployment>
    <Execution>
      <TestTypeSpecific />
      <AgentRule name="Execution Agents">
      </AgentRule>
    </Execution>
  </TestSettings>
  <Times creation="2013-01-16T12:28:37.3528303-06:00" queuing="2013-01-16T12:28:37.4347604-06:00" start="2013-01-16T12:28:37.4387611-06:00" finish="2013-01-16T12:28:37.6993767-06:00" />
  <ResultSummary outcome="Completed">
    <Counters total="1" executed="1" passed="1" error="0" failed="0" timeout="0" aborted="0" inconclusive="0" passedButRunAborted="0" notRunnable="0" notExecuted="0" disconnected="0" warning="0" completed="0" inProgress="0" pending="0" />
  </ResultSummary>
  <TestDefinitions>
    <UnitTest name="SequentialCallsGenerateDifferentRandomValues" storage="c:\dropbox\lib\projects\voodoo\voodoo.testdata\voodoo.testdata.tests\bin\debug\voodootestdatatest.dll" id="770674c9-d5aa-9a11-d130-7059ded87b70">
      <Execution id="da4ce9dc-209c-464e-aac2-398e844f6ad0" />
      <TestMethod codeBase="C:/Dropbox/Lib/Projects/Voodoo/Voodoo.TestData/Voodoo.TestData.Tests/bin/Debug/VoodooTestDataTest.DLL" adapterTypeName="Microsoft.VisualStudio.TestTools.TestTypes.Unit.UnitTestAdapter, Microsoft.VisualStudio.QualityTools.Tips.UnitTest.Adapter, Version=10.0.0.0, Culture=neutral, PublicKeyToken=b03f5f7f11d50a3a" className="VoodooTestDataTest.RandomizerTests, VoodooTestDataTest, Version=1.0.0.0, Culture=neutral, PublicKeyToken=null" name="SequentialCallsGenerateDifferentRandomValues" />
    </UnitTest>
  </TestDefinitions>
  <TestLists>
    <TestList name="Results Not in a List" id="8c84fa94-04c1-424b-9868-57a2d4851a1d" />
    <TestList name="All Loaded Results" id="19431567-8539-422a-85d7-44ee4e166bda" />
  </TestLists>
  <TestEntries>
    <TestEntry testId="770674c9-d5aa-9a11-d130-7059ded87b70" executionId="da4ce9dc-209c-464e-aac2-398e844f6ad0" testListId="8c84fa94-04c1-424b-9868-57a2d4851a1d" />
  </TestEntries>
  <Results>
    <UnitTestResult executionId="da4ce9dc-209c-464e-aac2-398e844f6ad0" testId="770674c9-d5aa-9a11-d130-7059ded87b70" testName="SequentialCallsGenerateDifferentRandomValues" computerName="SH-DEV-042" duration="00:00:00.1345763" startTime="2013-01-16T12:28:37.4407631-06:00" endTime="2013-01-16T12:28:37.6903742-06:00" testType="13cdc9d9-ddb5-4fa4-a97d-d965ccfc6d4b" outcome="Passed" testListId="8c84fa94-04c1-424b-9868-57a2d4851a1d" relativeResultsDirectory="da4ce9dc-209c-464e-aac2-398e844f6ad0">
      <Output>
        <DebugTrace>Item:SSN Name:UserName
Item:FirstName Name:UserName
Item:LastName Name:UserName
Item:MiddleInitial Name:UserName
Item:MiddleName Name:UserName
Item:Prefix Name:UserName
Item:EmailAddress Name:UserName MatchItem:SSN Name:FirstName
Item:FirstName Name:FirstName MatchItem:SSN Name:LastName
Item:FirstName Name:LastName
Item:LastName Name:LastName MatchItem:SSN Name:Address1
Item:FirstName Name:Address1
Item:LastName Name:Address1
Item:MiddleInitial Name:Address1
Item:MiddleName Name:Address1
Item:Prefix Name:Address1
Item:EmailAddress Name:Address1
Item:Address1 Name:Address1 MatchItem:SSN Name:Address2
Item:FirstName Name:Address2
Item:LastName Name:Address2
Item:MiddleInitial Name:Address2
Item:MiddleName Name:Address2
Item:Prefix Name:Address2
Item:EmailAddress Name:Address2
Item:Address1 Name:Address2 MatchItem:SSN Name:City
Item:FirstName Name:City
Item:LastName Name:City
Item:MiddleInitial Name:City
Item:MiddleName Name:City
Item:Prefix Name:City
Item:EmailAddress Name:City
Item:Address1 Name:City
Item:City Name:City MatchItem:SSN Name:Zip
Item:FirstName Name:Zip
Item:LastName Name:Zip
Item:MiddleInitial Name:Zip
Item:MiddleName Name:Zip
Item:Prefix Name:Zip
Item:EmailAddress Name:Zip
Item:Address1 Name:Zip
Item:City Name:Zip
Item:County Name:Zip
Item:State Name:Zip
Item:ZipCode Name:Zip MatchItem:SSN Name:HomePhone
Item:FirstName Name:HomePhone
Item:LastName Name:HomePhone
Item:MiddleInitial Name:HomePhone
Item:MiddleName Name:HomePhone
Item:Prefix Name:HomePhone
Item:EmailAddress Name:HomePhone
Item:Address1 Name:HomePhone
Item:City Name:HomePhone
Item:County Name:HomePhone
Item:State Name:HomePhone
Item:ZipCode Name:HomePhone
Item:PhoneNumber Name:HomePhone
Item:UserName Name:HomePhone
Item:BirthDay Name:HomePhone
Item:Gender Name:HomePhone
Item:Initials Name:HomePhone
Item:Suffix Name:HomePhone
Item:Date Name:HomePhone
Item:Number Name:HomePhone
Item:FullName Name:HomePhone
Item:Latitude Name:HomePhone
Item:Longitude Name:HomePhone
Item:NickName Name:HomePhone
Item:SSN Name:MobilePhone
Item:FirstName Name:MobilePhone
Item:LastName Name:MobilePhone
Item:MiddleInitial Name:MobilePhone
Item:MiddleName Name:MobilePhone
Item:Prefix Name:MobilePhone
Item:EmailAddress Name:MobilePhone
Item:Address1 Name:MobilePhone
Item:City Name:MobilePhone
Item:County Name:MobilePhone
Item:State Name:MobilePhone
Item:ZipCode Name:MobilePhone
Item:PhoneNumber Name:MobilePhone MatchItem:SSN Name:FaxPhone
Item:FirstName Name:FaxPhone
Item:LastName Name:FaxPhone
Item:MiddleInitial Name:FaxPhone
Item:MiddleName Name:FaxPhone
Item:Prefix Name:FaxPhone
Item:EmailAddress Name:FaxPhone
Item:Address1 Name:FaxPhone
Item:City Name:FaxPhone
Item:County Name:FaxPhone
Item:State Name:FaxPhone
Item:ZipCode Name:FaxPhone
Item:PhoneNumber Name:FaxPhone MatchItem:SSN Name:BusinessPhone
Item:FirstName Name:BusinessPhone
Item:LastName Name:BusinessPhone
Item:MiddleInitial Name:BusinessPhone
Item:MiddleName Name:BusinessPhone
Item:Prefix Name:BusinessPhone
Item:EmailAddress Name:BusinessPhone
Item:Address1 Name:BusinessPhone
Item:City Name:BusinessPhone
Item:County Name:BusinessPhone
Item:State Name:BusinessPhone
Item:ZipCode Name:BusinessPhone
Item:PhoneNumber Name:BusinessPhone
Item:UserName Name:BusinessPhone
Item:BirthDay Name:BusinessPhone
Item:Gender Name:BusinessPhone
Item:Initials Name:BusinessPhone
Item:Suffix Name:BusinessPhone
Item:Date Name:BusinessPhone
Item:Number Name:BusinessPhone
Item:FullName Name:BusinessPhone
Item:Latitude Name:BusinessPhone
Item:Longitude Name:BusinessPhone
Item:NickName Name:BusinessPhone
Item:SSN Name:SSN MatchItem:SSN Name:UserName
Item:FirstName Name:UserName
Item:LastName Name:UserName
Item:MiddleInitial Name:UserName
Item:MiddleName Name:UserName
Item:Prefix Name:UserName
Item:EmailAddress Name:UserName MatchItem:SSN Name:FirstName
Item:FirstName Name:FirstName MatchItem:SSN Name:LastName
Item:FirstName Name:LastName
Item:LastName Name:LastName MatchItem:SSN Name:Address1
Item:FirstName Name:Address1
Item:LastName Name:Address1
Item:MiddleInitial Name:Address1
Item:MiddleName Name:Address1
Item:Prefix Name:Address1
Item:EmailAddress Name:Address1
Item:Address1 Name:Address1 MatchItem:SSN Name:Address2
Item:FirstName Name:Address2
Item:LastName Name:Address2
Item:MiddleInitial Name:Address2
Item:MiddleName Name:Address2
Item:Prefix Name:Address2
Item:EmailAddress Name:Address2
Item:Address1 Name:Address2 MatchItem:SSN Name:City
Item:FirstName Name:City
Item:LastName Name:City
Item:MiddleInitial Name:City
Item:MiddleName Name:City
Item:Prefix Name:City
Item:EmailAddress Name:City
Item:Address1 Name:City
Item:City Name:City MatchItem:SSN Name:Zip
Item:FirstName Name:Zip
Item:LastName Name:Zip
Item:MiddleInitial Name:Zip
Item:MiddleName Name:Zip
Item:Prefix Name:Zip
Item:EmailAddress Name:Zip
Item:Address1 Name:Zip
Item:City Name:Zip
Item:County Name:Zip
Item:State Name:Zip
Item:ZipCode Name:Zip MatchItem:SSN Name:HomePhone
Item:FirstName Name:HomePhone
Item:LastName Name:HomePhone
Item:MiddleInitial Name:HomePhone
Item:MiddleName Name:HomePhone
Item:Prefix Name:HomePhone
Item:EmailAddress Name:HomePhone
Item:Address1 Name:HomePhone
Item:City Name:HomePhone
Item:County Name:HomePhone
Item:State Name:HomePhone
Item:ZipCode Name:HomePhone
Item:PhoneNumber Name:HomePhone
Item:UserName Name:HomePhone
Item:BirthDay Name:HomePhone
Item:Gender Name:HomePhone
Item:Initials Name:HomePhone
Item:Suffix Name:HomePhone
Item:Date Name:HomePhone
Item:Number Name:HomePhone
Item:FullName Name:HomePhone
Item:Latitude Name:HomePhone
Item:Longitude Name:HomePhone
Item:NickName Name:HomePhone
Item:SSN Name:MobilePhone
Item:FirstName Name:MobilePhone
Item:LastName Name:MobilePhone
Item:MiddleInitial Name:MobilePhone
Item:MiddleName Name:MobilePhone
Item:Prefix Name:MobilePhone
Item:EmailAddress Name:MobilePhone
Item:Address1 Name:MobilePhone
Item:City Name:MobilePhone
Item:County Name:MobilePhone
Item:State Name:MobilePhone
Item:ZipCode Name:MobilePhone
Item:PhoneNumber Name:MobilePhone MatchItem:SSN Name:FaxPhone
Item:FirstName Name:FaxPhone
Item:LastName Name:FaxPhone
Item:MiddleInitial Name:FaxPhone
Item:MiddleName Name:FaxPhone
Item:Prefix Name:FaxPhone
Item:EmailAddress Name:FaxPhone
Item:Address1 Name:FaxPhone
Item:City Name:FaxPhone
Item:County Name:FaxPhone
Item:State Name:FaxPhone
Item:ZipCode Name:FaxPhone
Item:PhoneNumber Name:FaxPhone MatchItem:SSN Name:BusinessPhone
Item:FirstName Name:BusinessPhone
Item:LastName Name:BusinessPhone
Item:MiddleInitial Name:BusinessPhone
Item:MiddleName Name:BusinessPhone
Item:Prefix Name:BusinessPhone
Item:EmailAddress Name:BusinessPhone
Item:Address1 Name:BusinessPhone
Item:City Name:BusinessPhone
Item:County Name:BusinessPhone
Item:State Name:BusinessPhone
Item:ZipCode Name:BusinessPhone
Item:PhoneNumber Name:BusinessPhone
Item:UserName Name:BusinessPhone
Item:BirthDay Name:BusinessPhone
Item:Gender Name:BusinessPhone
Item:Initials Name:BusinessPhone
Item:Suffix Name:BusinessPhone
Item:Date Name:BusinessPhone
Item:Number Name:BusinessPhone
Item:FullName Name:BusinessPhone
Item:Latitude Name:BusinessPhone
Item:Longitude Name:BusinessPhone
Item:NickName Name:BusinessPhone
Item:SSN Name:SSN Match</DebugTrace>
      </Output>
    </UnitTestResult>
  </Results>
</TestRun>