<?xml version="1.0" encoding="UTF-8"?>
<TestRun id="42c1cd29-7d49-496a-b0f0-5052ecfdd3f3" name="Shawn@SH-DEV-042 2013-01-16 12:23:25" runUser="SH-DEV-042\Shawn" xmlns="http://microsoft.com/schemas/VisualStudio/TeamTest/2010">
  <TestSettings name="Default Test Settings" id="15b3c000-2922-4e84-9296-4b8094b392b1">
    <Deployment userDeploymentRoot="C:\Dropbox\Lib\Projects\Voodoo\Voodoo.TestData\TestResults" useDefaultDeploymentRoot="false" runDeploymentRoot="Shawn_SH-DEV-042 2013-01-16 12_23_25">
      <DeploymentItem filename="C:\Dropbox\Lib\Projects\Voodoo\Voodoo.TestData\Voodoo.TestData\bin\Debug\Voodoo.TestData.dll" />
    </Deployment>
    <Execution>
      <TestTypeSpecific />
      <AgentRule name="Execution Agents">
      </AgentRule>
    </Execution>
  </TestSettings>
  <Times creation="2013-01-16T12:23:25.4888454-06:00" queuing="2013-01-16T12:23:27.0917342-06:00" start="2013-01-16T12:23:27.2050414-06:00" finish="2013-01-16T12:23:36.2459075-06:00" />
  <ResultSummary outcome="Completed">
    <Counters total="1" executed="1" passed="1" error="0" failed="0" timeout="0" aborted="0" inconclusive="0" passedButRunAborted="0" notRunnable="0" notExecuted="0" disconnected="0" warning="0" completed="0" inProgress="0" pending="0" />
  </ResultSummary>
  <TestDefinitions>
    <UnitTest name="SequentialCallsGenerateDifferentRandomValues" storage="c:\dropbox\lib\projects\voodoo\voodoo.testdata\voodoo.testdata.tests\bin\debug\voodootestdatatest.dll" id="770674c9-d5aa-9a11-d130-7059ded87b70">
      <Execution id="f5157da7-ffbe-4d08-be30-4c40613a3677" />
      <TestMethod codeBase="C:/Dropbox/Lib/Projects/Voodoo/Voodoo.TestData/Voodoo.TestData.Tests/bin/Debug/VoodooTestDataTest.DLL" adapterTypeName="Microsoft.VisualStudio.TestTools.TestTypes.Unit.UnitTestAdapter, Microsoft.VisualStudio.QualityTools.Tips.UnitTest.Adapter, Version=10.0.0.0, Culture=neutral, PublicKeyToken=b03f5f7f11d50a3a" className="VoodooTestDataTest.RandomizerTests, VoodooTestDataTest, Version=1.0.0.0, Culture=neutral, PublicKeyToken=null" name="SequentialCallsGenerateDifferentRandomValues" />
    </UnitTest>
  </TestDefinitions>
  <TestLists>
    <TestList name="Results Not in a List" id="8c84fa94-04c1-424b-9868-57a2d4851a1d" />
    <TestList name="All Loaded Results" id="19431567-8539-422a-85d7-44ee4e166bda" />
  </TestLists>
  <TestEntries>
    <TestEntry testId="770674c9-d5aa-9a11-d130-7059ded87b70" executionId="f5157da7-ffbe-4d08-be30-4c40613a3677" testListId="8c84fa94-04c1-424b-9868-57a2d4851a1d" />
  </TestEntries>
  <Results>
    <UnitTestResult executionId="f5157da7-ffbe-4d08-be30-4c40613a3677" testId="770674c9-d5aa-9a11-d130-7059ded87b70" testName="SequentialCallsGenerateDifferentRandomValues" computerName="SH-DEV-042" duration="00:00:08.4007593" startTime="2013-01-16T12:23:27.3280838-06:00" endTime="2013-01-16T12:23:36.1998930-06:00" testType="13cdc9d9-ddb5-4fa4-a97d-d965ccfc6d4b" outcome="Passed" testListId="8c84fa94-04c1-424b-9868-57a2d4851a1d" relativeResultsDirectory="f5157da7-ffbe-4d08-be30-4c40613a3677">
      <Output>
        <DebugTrace>Item:[SSN, System.String[]] Name:UserName
Item:[FirstName, System.String[]] Name:UserName
Item:[LastName, System.String[]] Name:UserName
Item:[MiddleInitial, System.String[]] Name:UserName
Item:[MiddleName, System.String[]] Name:UserName
Item:[Prefix, System.String[]] Name:UserName
Item:[EmailAddress, System.String[]] Name:UserName
 MatchItem:[Address1, System.String[]] Name:UserName
Item:[City, System.String[]] Name:UserName
Item:[County, System.String[]] Name:UserName
Item:[State, System.String[]] Name:UserName
Item:[ZipCode, System.String[]] Name:UserName
Item:[PhoneNumber, System.String[]] Name:UserName
Item:[FullName, System.String[]] Name:UserName
 MatchItem:[UserName, System.String[]] Name:UserName
Item:[BirthDay, System.String[]] Name:UserName
Item:[Gender, System.String[]] Name:UserName
Item:[Initials, System.String[]] Name:UserName
Item:[Suffix, System.String[]] Name:UserName
Item:[Date, System.String[]] Name:UserName
Item:[Number, System.String[]] Name:UserName
Item:[Latitude, System.String[]] Name:UserName
Item:[Longitude, System.String[]] Name:UserName
Item:[NickName, System.String[]] Name:UserName
Item:[SSN, System.String[]] Name:FirstName
Item:[FirstName, System.String[]] Name:FirstName
 MatchItem:[LastName, System.String[]] Name:FirstName
Item:[MiddleInitial, System.String[]] Name:FirstName
Item:[MiddleName, System.String[]] Name:FirstName
Item:[Prefix, System.String[]] Name:FirstName
Item:[EmailAddress, System.String[]] Name:FirstName
Item:[Address1, System.String[]] Name:FirstName
Item:[City, System.String[]] Name:FirstName
Item:[County, System.String[]] Name:FirstName
Item:[State, System.String[]] Name:FirstName
Item:[ZipCode, System.String[]] Name:FirstName
Item:[PhoneNumber, System.String[]] Name:FirstName
Item:[FullName, System.String[]] Name:FirstName
 MatchItem:[UserName, System.String[]] Name:FirstName
Item:[BirthDay, System.String[]] Name:FirstName
Item:[Gender, System.String[]] Name:FirstName
Item:[Initials, System.String[]] Name:FirstName
Item:[Suffix, System.String[]] Name:FirstName
Item:[Date, System.String[]] Name:FirstName
Item:[Number, System.String[]] Name:FirstName
Item:[Latitude, System.String[]] Name:FirstName
Item:[Longitude, System.String[]] Name:FirstName
Item:[NickName, System.String[]] Name:FirstName
Item:[SSN, System.String[]] Name:LastName
Item:[FirstName, System.String[]] Name:LastName
Item:[LastName, System.String[]] Name:LastName
 MatchItem:[MiddleInitial, System.String[]] Name:LastName
Item:[MiddleName, System.String[]] Name:LastName
Item:[Prefix, System.String[]] Name:LastName
Item:[EmailAddress, System.String[]] Name:LastName
Item:[Address1, System.String[]] Name:LastName
Item:[City, System.String[]] Name:LastName
Item:[County, System.String[]] Name:LastName
Item:[State, System.String[]] Name:LastName
Item:[ZipCode, System.String[]] Name:LastName
Item:[PhoneNumber, System.String[]] Name:LastName
Item:[FullName, System.String[]] Name:LastName
 MatchItem:[UserName, System.String[]] Name:LastName
Item:[BirthDay, System.String[]] Name:LastName
Item:[Gender, System.String[]] Name:LastName
Item:[Initials, System.String[]] Name:LastName
Item:[Suffix, System.String[]] Name:LastName
Item:[Date, System.String[]] Name:LastName
Item:[Number, System.String[]] Name:LastName
Item:[Latitude, System.String[]] Name:LastName
Item:[Longitude, System.String[]] Name:LastName
Item:[NickName, System.String[]] Name:LastName
Item:[SSN, System.String[]] Name:Address1
Item:[FirstName, System.String[]] Name:Address1
Item:[LastName, System.String[]] Name:Address1
Item:[MiddleInitial, System.String[]] Name:Address1
Item:[MiddleName, System.String[]] Name:Address1
Item:[Prefix, System.String[]] Name:Address1
Item:[EmailAddress, System.String[]] Name:Address1
Item:[Address1, System.String[]] Name:Address1
 MatchItem:[City, System.String[]] Name:Address1
Item:[County, System.String[]] Name:Address1
Item:[State, System.String[]] Name:Address1
Item:[ZipCode, System.String[]] Name:Address1
Item:[PhoneNumber, System.String[]] Name:Address1
Item:[FullName, System.String[]] Name:Address1
Item:[UserName, System.String[]] Name:Address1
Item:[BirthDay, System.String[]] Name:Address1
Item:[Gender, System.String[]] Name:Address1
Item:[Initials, System.String[]] Name:Address1
Item:[Suffix, System.String[]] Name:Address1
Item:[Date, System.String[]] Name:Address1
Item:[Number, System.String[]] Name:Address1
Item:[Latitude, System.String[]] Name:Address1
Item:[Longitude, System.String[]] Name:Address1
Item:[NickName, System.String[]] Name:Address1
Item:[SSN, System.String[]] Name:Address2
Item:[FirstName, System.String[]] Name:Address2
Item:[LastName, System.String[]] Name:Address2
Item:[MiddleInitial, System.String[]] Name:Address2
Item:[MiddleName, System.String[]] Name:Address2
Item:[Prefix, System.String[]] Name:Address2
Item:[EmailAddress, System.String[]] Name:Address2
Item:[Address1, System.String[]] Name:Address2
 MatchItem:[City, System.String[]] Name:Address2
Item:[County, System.String[]] Name:Address2
Item:[State, System.String[]] Name:Address2
Item:[ZipCode, System.String[]] Name:Address2
Item:[PhoneNumber, System.String[]] Name:Address2
Item:[FullName, System.String[]] Name:Address2
Item:[UserName, System.String[]] Name:Address2
Item:[BirthDay, System.String[]] Name:Address2
Item:[Gender, System.String[]] Name:Address2
Item:[Initials, System.String[]] Name:Address2
Item:[Suffix, System.String[]] Name:Address2
Item:[Date, System.String[]] Name:Address2
Item:[Number, System.String[]] Name:Address2
Item:[Latitude, System.String[]] Name:Address2
Item:[Longitude, System.String[]] Name:Address2
Item:[NickName, System.String[]] Name:Address2
Item:[SSN, System.String[]] Name:City
Item:[FirstName, System.String[]] Name:City
Item:[LastName, System.String[]] Name:City
Item:[MiddleInitial, System.String[]] Name:City
Item:[MiddleName, System.String[]] Name:City
Item:[Prefix, System.String[]] Name:City
Item:[EmailAddress, System.String[]] Name:City
Item:[Address1, System.String[]] Name:City
Item:[City, System.String[]] Name:City
 MatchItem:[County, System.String[]] Name:City
Item:[State, System.String[]] Name:City
Item:[ZipCode, System.String[]] Name:City
Item:[PhoneNumber, System.String[]] Name:City
Item:[FullName, System.String[]] Name:City
Item:[UserName, System.String[]] Name:City
Item:[BirthDay, System.String[]] Name:City
Item:[Gender, System.String[]] Name:City
Item:[Initials, System.String[]] Name:City
Item:[Suffix, System.String[]] Name:City
Item:[Date, System.String[]] Name:City
Item:[Number, System.String[]] Name:City
Item:[Latitude, System.String[]] Name:City
Item:[Longitude, System.String[]] Name:City
Item:[NickName, System.String[]] Name:City
Item:[SSN, System.String[]] Name:Zip
Item:[FirstName, System.String[]] Name:Zip
Item:[LastName, System.String[]] Name:Zip
Item:[MiddleInitial, System.String[]] Name:Zip
Item:[MiddleName, System.String[]] Name:Zip
Item:[Prefix, System.String[]] Name:Zip
Item:[EmailAddress, System.String[]] Name:Zip
Item:[Address1, System.String[]] Name:Zip
Item:[City, System.String[]] Name:Zip
Item:[County, System.String[]] Name:Zip
Item:[State, System.String[]] Name:Zip
Item:[ZipCode, System.String[]] Name:Zip
 MatchItem:[PhoneNumber, System.String[]] Name:Zip
Item:[FullName, System.String[]] Name:Zip
Item:[UserName, System.String[]] Name:Zip
Item:[BirthDay, System.String[]] Name:Zip
Item:[Gender, System.String[]] Name:Zip
Item:[Initials, System.String[]] Name:Zip
Item:[Suffix, System.String[]] Name:Zip
Item:[Date, System.String[]] Name:Zip
Item:[Number, System.String[]] Name:Zip
Item:[Latitude, System.String[]] Name:Zip
Item:[Longitude, System.String[]] Name:Zip
Item:[NickName, System.String[]] Name:Zip
Item:[SSN, System.String[]] Name:HomePhone
Item:[FirstName, System.String[]] Name:HomePhone
Item:[LastName, System.String[]] Name:HomePhone
Item:[MiddleInitial, System.String[]] Name:HomePhone
Item:[MiddleName, System.String[]] Name:HomePhone
Item:[Prefix, System.String[]] Name:HomePhone
Item:[EmailAddress, System.String[]] Name:HomePhone
Item:[Address1, System.String[]] Name:HomePhone
Item:[City, System.String[]] Name:HomePhone
Item:[County, System.String[]] Name:HomePhone
Item:[State, System.String[]] Name:HomePhone
Item:[ZipCode, System.String[]] Name:HomePhone
Item:[PhoneNumber, System.String[]] Name:HomePhone
Item:[FullName, System.String[]] Name:HomePhone
Item:[UserName, System.String[]] Name:HomePhone
Item:[BirthDay, System.String[]] Name:HomePhone
Item:[Gender, System.String[]] Name:HomePhone
Item:[Initials, System.String[]] Name:HomePhone
Item:[Suffix, System.String[]] Name:HomePhone
Item:[Date, System.String[]] Name:HomePhone
Item:[Number, System.String[]] Name:HomePhone
Item:[Latitude, System.String[]] Name:HomePhone
Item:[Longitude, System.String[]] Name:HomePhone
Item:[NickName, System.String[]] Name:HomePhone
Item:[SSN, System.String[]] Name:MobilePhone
Item:[FirstName, System.String[]] Name:MobilePhone
Item:[LastName, System.String[]] Name:MobilePhone
Item:[MiddleInitial, System.String[]] Name:MobilePhone
Item:[MiddleName, System.String[]] Name:MobilePhone
Item:[Prefix, System.String[]] Name:MobilePhone
Item:[EmailAddress, System.String[]] Name:MobilePhone
Item:[Address1, System.String[]] Name:MobilePhone
Item:[City, System.String[]] Name:MobilePhone
Item:[County, System.String[]] Name:MobilePhone
Item:[State, System.String[]] Name:MobilePhone
Item:[ZipCode, System.String[]] Name:MobilePhone
Item:[PhoneNumber, System.String[]] Name:MobilePhone
 MatchItem:[FullName, System.String[]] Name:MobilePhone
Item:[UserName, System.String[]] Name:MobilePhone
Item:[BirthDay, System.String[]] Name:MobilePhone
Item:[Gender, System.String[]] Name:MobilePhone
Item:[Initials, System.String[]] Name:MobilePhone
Item:[Suffix, System.String[]] Name:MobilePhone
Item:[Date, System.String[]] Name:MobilePhone
Item:[Number, System.String[]] Name:MobilePhone
Item:[Latitude, System.String[]] Name:MobilePhone
Item:[Longitude, System.String[]] Name:MobilePhone
Item:[NickName, System.String[]] Name:MobilePhone
Item:[SSN, System.String[]] Name:FaxPhone
Item:[FirstName, System.String[]] Name:FaxPhone
Item:[LastName, System.String[]] Name:FaxPhone
Item:[MiddleInitial, System.String[]] Name:FaxPhone
Item:[MiddleName, System.String[]] Name:FaxPhone
Item:[Prefix, System.String[]] Name:FaxPhone
Item:[EmailAddress, System.String[]] Name:FaxPhone
Item:[Address1, System.String[]] Name:FaxPhone
Item:[City, System.String[]] Name:FaxPhone
Item:[County, System.String[]] Name:FaxPhone
Item:[State, System.String[]] Name:FaxPhone
Item:[ZipCode, System.String[]] Name:FaxPhone
Item:[PhoneNumber, System.String[]] Name:FaxPhone
 MatchItem:[FullName, System.String[]] Name:FaxPhone
Item:[UserName, System.String[]] Name:FaxPhone
Item:[BirthDay, System.String[]] Name:FaxPhone
Item:[Gender, System.String[]] Name:FaxPhone
Item:[Initials, System.String[]] Name:FaxPhone
Item:[Suffix, System.String[]] Name:FaxPhone
Item:[Date, System.String[]] Name:FaxPhone
Item:[Number, System.String[]] Name:FaxPhone
Item:[Latitude, System.String[]] Name:FaxPhone
Item:[Longitude, System.String[]] Name:FaxPhone
Item:[NickName, System.String[]] Name:FaxPhone
Item:[SSN, System.String[]] Name:BusinessPhone
Item:[FirstName, System.String[]] Name:BusinessPhone
Item:[LastName, System.String[]] Name:BusinessPhone
Item:[MiddleInitial, System.String[]] Name:BusinessPhone
Item:[MiddleName, System.String[]] Name:BusinessPhone
Item:[Prefix, System.String[]] Name:BusinessPhone
Item:[EmailAddress, System.String[]] Name:BusinessPhone
Item:[Address1, System.String[]] Name:BusinessPhone
Item:[City, System.String[]] Name:BusinessPhone
Item:[County, System.String[]] Name:BusinessPhone
Item:[State, System.String[]] Name:BusinessPhone
Item:[ZipCode, System.String[]] Name:BusinessPhone
Item:[PhoneNumber, System.String[]] Name:BusinessPhone
Item:[FullName, System.String[]] Name:BusinessPhone
Item:[UserName, System.String[]] Name:BusinessPhone
Item:[BirthDay, System.String[]] Name:BusinessPhone
Item:[Gender, System.String[]] Name:BusinessPhone
Item:[Initials, System.String[]] Name:BusinessPhone
Item:[Suffix, System.String[]] Name:BusinessPhone
Item:[Date, System.String[]] Name:BusinessPhone
Item:[Number, System.String[]] Name:BusinessPhone
Item:[Latitude, System.String[]] Name:BusinessPhone
Item:[Longitude, System.String[]] Name:BusinessPhone
Item:[NickName, System.String[]] Name:BusinessPhone
Item:[SSN, System.String[]] Name:SSN
 MatchItem:[FirstName, System.String[]] Name:SSN
Item:[LastName, System.String[]] Name:SSN
Item:[MiddleInitial, System.String[]] Name:SSN
Item:[MiddleName, System.String[]] Name:SSN
Item:[Prefix, System.String[]] Name:SSN
Item:[EmailAddress, System.String[]] Name:SSN
Item:[Address1, System.String[]] Name:SSN
Item:[City, System.String[]] Name:SSN
Item:[County, System.String[]] Name:SSN
Item:[State, System.String[]] Name:SSN
Item:[ZipCode, System.String[]] Name:SSN
Item:[PhoneNumber, System.String[]] Name:SSN
Item:[FullName, System.String[]] Name:SSN
Item:[UserName, System.String[]] Name:SSN
Item:[BirthDay, System.String[]] Name:SSN
Item:[Gender, System.String[]] Name:SSN
Item:[Initials, System.String[]] Name:SSN
Item:[Suffix, System.String[]] Name:SSN
Item:[Date, System.String[]] Name:SSN
Item:[Number, System.String[]] Name:SSN
Item:[Latitude, System.String[]] Name:SSN
Item:[Longitude, System.String[]] Name:SSN
Item:[NickName, System.String[]] Name:SSN
Item:[SSN, System.String[]] Name:UserName
Item:[FirstName, System.String[]] Name:UserName
Item:[LastName, System.String[]] Name:UserName
Item:[MiddleInitial, System.String[]] Name:UserName
Item:[MiddleName, System.String[]] Name:UserName
Item:[Prefix, System.String[]] Name:UserName
Item:[EmailAddress, System.String[]] Name:UserName
 MatchItem:[Address1, System.String[]] Name:UserName
Item:[City, System.String[]] Name:UserName
Item:[County, System.String[]] Name:UserName
Item:[State, System.String[]] Name:UserName
Item:[ZipCode, System.String[]] Name:UserName
Item:[PhoneNumber, System.String[]] Name:UserName
Item:[FullName, System.String[]] Name:UserName
 MatchItem:[UserName, System.String[]] Name:UserName
Item:[BirthDay, System.String[]] Name:UserName
Item:[Gender, System.String[]] Name:UserName
Item:[Initials, System.String[]] Name:UserName
Item:[Suffix, System.String[]] Name:UserName
Item:[Date, System.String[]] Name:UserName
Item:[Number, System.String[]] Name:UserName
Item:[Latitude, System.String[]] Name:UserName
Item:[Longitude, System.String[]] Name:UserName
Item:[NickName, System.String[]] Name:UserName
Item:[SSN, System.String[]] Name:FirstName
Item:[FirstName, System.String[]] Name:FirstName
 MatchItem:[LastName, System.String[]] Name:FirstName
Item:[MiddleInitial, System.String[]] Name:FirstName
Item:[MiddleName, System.String[]] Name:FirstName
Item:[Prefix, System.String[]] Name:FirstName
Item:[EmailAddress, System.String[]] Name:FirstName
Item:[Address1, System.String[]] Name:FirstName
Item:[City, System.String[]] Name:FirstName
Item:[County, System.String[]] Name:FirstName
Item:[State, System.String[]] Name:FirstName
Item:[ZipCode, System.String[]] Name:FirstName
Item:[PhoneNumber, System.String[]] Name:FirstName
Item:[FullName, System.String[]] Name:FirstName
 MatchItem:[UserName, System.String[]] Name:FirstName
Item:[BirthDay, System.String[]] Name:FirstName
Item:[Gender, System.String[]] Name:FirstName
Item:[Initials, System.String[]] Name:FirstName
Item:[Suffix, System.String[]] Name:FirstName
Item:[Date, System.String[]] Name:FirstName
Item:[Number, System.String[]] Name:FirstName
Item:[Latitude, System.String[]] Name:FirstName
Item:[Longitude, System.String[]] Name:FirstName
Item:[NickName, System.String[]] Name:FirstName
Item:[SSN, System.String[]] Name:LastName
Item:[FirstName, System.String[]] Name:LastName
Item:[LastName, System.String[]] Name:LastName
 MatchItem:[MiddleInitial, System.String[]] Name:LastName
Item:[MiddleName, System.String[]] Name:LastName
Item:[Prefix, System.String[]] Name:LastName
Item:[EmailAddress, System.String[]] Name:LastName
Item:[Address1, System.String[]] Name:LastName
Item:[City, System.String[]] Name:LastName
Item:[County, System.String[]] Name:LastName
Item:[State, System.String[]] Name:LastName
Item:[ZipCode, System.String[]] Name:LastName
Item:[PhoneNumber, System.String[]] Name:LastName
Item:[FullName, System.String[]] Name:LastName
 MatchItem:[UserName, System.String[]] Name:LastName
Item:[BirthDay, System.String[]] Name:LastName
Item:[Gender, System.String[]] Name:LastName
Item:[Initials, System.String[]] Name:LastName
Item:[Suffix, System.String[]] Name:LastName
Item:[Date, System.String[]] Name:LastName
Item:[Number, System.String[]] Name:LastName
Item:[Latitude, System.String[]] Name:LastName
Item:[Longitude, System.String[]] Name:LastName
Item:[NickName, System.String[]] Name:LastName
Item:[SSN, System.String[]] Name:Address1
Item:[FirstName, System.String[]] Name:Address1
Item:[LastName, System.String[]] Name:Address1
Item:[MiddleInitial, System.String[]] Name:Address1
Item:[MiddleName, System.String[]] Name:Address1
Item:[Prefix, System.String[]] Name:Address1
Item:[EmailAddress, System.String[]] Name:Address1
Item:[Address1, System.String[]] Name:Address1
 MatchItem:[City, System.String[]] Name:Address1
Item:[County, System.String[]] Name:Address1
Item:[State, System.String[]] Name:Address1
Item:[ZipCode, System.String[]] Name:Address1
Item:[PhoneNumber, System.String[]] Name:Address1
Item:[FullName, System.String[]] Name:Address1
Item:[UserName, System.String[]] Name:Address1
Item:[BirthDay, System.String[]] Name:Address1
Item:[Gender, System.String[]] Name:Address1
Item:[Initials, System.String[]] Name:Address1
Item:[Suffix, System.String[]] Name:Address1
Item:[Date, System.String[]] Name:Address1
Item:[Number, System.String[]] Name:Address1
Item:[Latitude, System.String[]] Name:Address1
Item:[Longitude, System.String[]] Name:Address1
Item:[NickName, System.String[]] Name:Address1
Item:[SSN, System.String[]] Name:Address2
Item:[FirstName, System.String[]] Name:Address2
Item:[LastName, System.String[]] Name:Address2
Item:[MiddleInitial, System.String[]] Name:Address2
Item:[MiddleName, System.String[]] Name:Address2
Item:[Prefix, System.String[]] Name:Address2
Item:[EmailAddress, System.String[]] Name:Address2
Item:[Address1, System.String[]] Name:Address2
 MatchItem:[City, System.String[]] Name:Address2
Item:[County, System.String[]] Name:Address2
Item:[State, System.String[]] Name:Address2
Item:[ZipCode, System.String[]] Name:Address2
Item:[PhoneNumber, System.String[]] Name:Address2
Item:[FullName, System.String[]] Name:Address2
Item:[UserName, System.String[]] Name:Address2
Item:[BirthDay, System.String[]] Name:Address2
Item:[Gender, System.String[]] Name:Address2
Item:[Initials, System.String[]] Name:Address2
Item:[Suffix, System.String[]] Name:Address2
Item:[Date, System.String[]] Name:Address2
Item:[Number, System.String[]] Name:Address2
Item:[Latitude, System.String[]] Name:Address2
Item:[Longitude, System.String[]] Name:Address2
Item:[NickName, System.String[]] Name:Address2
Item:[SSN, System.String[]] Name:City
Item:[FirstName, System.String[]] Name:City
Item:[LastName, System.String[]] Name:City
Item:[MiddleInitial, System.String[]] Name:City
Item:[MiddleName, System.String[]] Name:City
Item:[Prefix, System.String[]] Name:City
Item:[EmailAddress, System.String[]] Name:City
Item:[Address1, System.String[]] Name:City
Item:[City, System.String[]] Name:City
 MatchItem:[County, System.String[]] Name:City
Item:[State, System.String[]] Name:City
Item:[ZipCode, System.String[]] Name:City
Item:[PhoneNumber, System.String[]] Name:City
Item:[FullName, System.String[]] Name:City
Item:[UserName, System.String[]] Name:City
Item:[BirthDay, System.String[]] Name:City
Item:[Gender, System.String[]] Name:City
Item:[Initials, System.String[]] Name:City
Item:[Suffix, System.String[]] Name:City
Item:[Date, System.String[]] Name:City
Item:[Number, System.String[]] Name:City
Item:[Latitude, System.String[]] Name:City
Item:[Longitude, System.String[]] Name:City
Item:[NickName, System.String[]] Name:City
Item:[SSN, System.String[]] Name:Zip
Item:[FirstName, System.String[]] Name:Zip
Item:[LastName, System.String[]] Name:Zip
Item:[MiddleInitial, System.String[]] Name:Zip
Item:[MiddleName, System.String[]] Name:Zip
Item:[Prefix, System.String[]] Name:Zip
Item:[EmailAddress, System.String[]] Name:Zip
Item:[Address1, System.String[]] Name:Zip
Item:[City, System.String[]] Name:Zip
Item:[County, System.String[]] Name:Zip
Item:[State, System.String[]] Name:Zip
Item:[ZipCode, System.String[]] Name:Zip
 MatchItem:[PhoneNumber, System.String[]] Name:Zip
Item:[FullName, System.String[]] Name:Zip
Item:[UserName, System.String[]] Name:Zip
Item:[BirthDay, System.String[]] Name:Zip
Item:[Gender, System.String[]] Name:Zip
Item:[Initials, System.String[]] Name:Zip
Item:[Suffix, System.String[]] Name:Zip
Item:[Date, System.String[]] Name:Zip
Item:[Number, System.String[]] Name:Zip
Item:[Latitude, System.String[]] Name:Zip
Item:[Longitude, System.String[]] Name:Zip
Item:[NickName, System.String[]] Name:Zip
Item:[SSN, System.String[]] Name:HomePhone
Item:[FirstName, System.String[]] Name:HomePhone
Item:[LastName, System.String[]] Name:HomePhone
Item:[MiddleInitial, System.String[]] Name:HomePhone
Item:[MiddleName, System.String[]] Name:HomePhone
Item:[Prefix, System.String[]] Name:HomePhone
Item:[EmailAddress, System.String[]] Name:HomePhone
Item:[Address1, System.String[]] Name:HomePhone
Item:[City, System.String[]] Name:HomePhone
Item:[County, System.String[]] Name:HomePhone
Item:[State, System.String[]] Name:HomePhone
Item:[ZipCode, System.String[]] Name:HomePhone
Item:[PhoneNumber, System.String[]] Name:HomePhone
Item:[FullName, System.String[]] Name:HomePhone
Item:[UserName, System.String[]] Name:HomePhone
Item:[BirthDay, System.String[]] Name:HomePhone
Item:[Gender, System.String[]] Name:HomePhone
Item:[Initials, System.String[]] Name:HomePhone
Item:[Suffix, System.String[]] Name:HomePhone
Item:[Date, System.String[]] Name:HomePhone
Item:[Number, System.String[]] Name:HomePhone
Item:[Latitude, System.String[]] Name:HomePhone
Item:[Longitude, System.String[]] Name:HomePhone
Item:[NickName, System.String[]] Name:HomePhone
Item:[SSN, System.String[]] Name:MobilePhone
Item:[FirstName, System.String[]] Name:MobilePhone
Item:[LastName, System.String[]] Name:MobilePhone
Item:[MiddleInitial, System.String[]] Name:MobilePhone
Item:[MiddleName, System.String[]] Name:MobilePhone
Item:[Prefix, System.String[]] Name:MobilePhone
Item:[EmailAddress, System.String[]] Name:MobilePhone
Item:[Address1, System.String[]] Name:MobilePhone
Item:[City, System.String[]] Name:MobilePhone
Item:[County, System.String[]] Name:MobilePhone
Item:[State, System.String[]] Name:MobilePhone
Item:[ZipCode, System.String[]] Name:MobilePhone
Item:[PhoneNumber, System.String[]] Name:MobilePhone
 MatchItem:[FullName, System.String[]] Name:MobilePhone
Item:[UserName, System.String[]] Name:MobilePhone
Item:[BirthDay, System.String[]] Name:MobilePhone
Item:[Gender, System.String[]] Name:MobilePhone
Item:[Initials, System.String[]] Name:MobilePhone
Item:[Suffix, System.String[]] Name:MobilePhone
Item:[Date, System.String[]] Name:MobilePhone
Item:[Number, System.String[]] Name:MobilePhone
Item:[Latitude, System.String[]] Name:MobilePhone
Item:[Longitude, System.String[]] Name:MobilePhone
Item:[NickName, System.String[]] Name:MobilePhone
Item:[SSN, System.String[]] Name:FaxPhone
Item:[FirstName, System.String[]] Name:FaxPhone
Item:[LastName, System.String[]] Name:FaxPhone
Item:[MiddleInitial, System.String[]] Name:FaxPhone
Item:[MiddleName, System.String[]] Name:FaxPhone
Item:[Prefix, System.String[]] Name:FaxPhone
Item:[EmailAddress, System.String[]] Name:FaxPhone
Item:[Address1, System.String[]] Name:FaxPhone
Item:[City, System.String[]] Name:FaxPhone
Item:[County, System.String[]] Name:FaxPhone
Item:[State, System.String[]] Name:FaxPhone
Item:[ZipCode, System.String[]] Name:FaxPhone
Item:[PhoneNumber, System.String[]] Name:FaxPhone
 MatchItem:[FullName, System.String[]] Name:FaxPhone
Item:[UserName, System.String[]] Name:FaxPhone
Item:[BirthDay, System.String[]] Name:FaxPhone
Item:[Gender, System.String[]] Name:FaxPhone
Item:[Initials, System.String[]] Name:FaxPhone
Item:[Suffix, System.String[]] Name:FaxPhone
Item:[Date, System.String[]] Name:FaxPhone
Item:[Number, System.String[]] Name:FaxPhone
Item:[Latitude, System.String[]] Name:FaxPhone
Item:[Longitude, System.String[]] Name:FaxPhone
Item:[NickName, System.String[]] Name:FaxPhone
Item:[SSN, System.String[]] Name:BusinessPhone
Item:[FirstName, System.String[]] Name:BusinessPhone
Item:[LastName, System.String[]] Name:BusinessPhone
Item:[MiddleInitial, System.String[]] Name:BusinessPhone
Item:[MiddleName, System.String[]] Name:BusinessPhone
Item:[Prefix, System.String[]] Name:BusinessPhone
Item:[EmailAddress, System.String[]] Name:BusinessPhone
Item:[Address1, System.String[]] Name:BusinessPhone
Item:[City, System.String[]] Name:BusinessPhone
Item:[County, System.String[]] Name:BusinessPhone
Item:[State, System.String[]] Name:BusinessPhone
Item:[ZipCode, System.String[]] Name:BusinessPhone
Item:[PhoneNumber, System.String[]] Name:BusinessPhone
Item:[FullName, System.String[]] Name:BusinessPhone
Item:[UserName, System.String[]] Name:BusinessPhone
Item:[BirthDay, System.String[]] Name:BusinessPhone
Item:[Gender, System.String[]] Name:BusinessPhone
Item:[Initials, System.String[]] Name:BusinessPhone
Item:[Suffix, System.String[]] Name:BusinessPhone
Item:[Date, System.String[]] Name:BusinessPhone
Item:[Number, System.String[]] Name:BusinessPhone
Item:[Latitude, System.String[]] Name:BusinessPhone
Item:[Longitude, System.String[]] Name:BusinessPhone
Item:[NickName, System.String[]] Name:BusinessPhone
Item:[SSN, System.String[]] Name:SSN
 MatchItem:[FirstName, System.String[]] Name:SSN
Item:[LastName, System.String[]] Name:SSN
Item:[MiddleInitial, System.String[]] Name:SSN
Item:[MiddleName, System.String[]] Name:SSN
Item:[Prefix, System.String[]] Name:SSN
Item:[EmailAddress, System.String[]] Name:SSN
Item:[Address1, System.String[]] Name:SSN
Item:[City, System.String[]] Name:SSN
Item:[County, System.String[]] Name:SSN
Item:[State, System.String[]] Name:SSN
Item:[ZipCode, System.String[]] Name:SSN
Item:[PhoneNumber, System.String[]] Name:SSN
Item:[FullName, System.String[]] Name:SSN
Item:[UserName, System.String[]] Name:SSN
Item:[BirthDay, System.String[]] Name:SSN
Item:[Gender, System.String[]] Name:SSN
Item:[Initials, System.String[]] Name:SSN
Item:[Suffix, System.String[]] Name:SSN
Item:[Date, System.String[]] Name:SSN
Item:[Number, System.String[]] Name:SSN
Item:[Latitude, System.String[]] Name:SSN
Item:[Longitude, System.String[]] Name:SSN
Item:[NickName, System.String[]] Name:SSN
</DebugTrace>
      </Output>
    </UnitTestResult>
  </Results>
</TestRun>