<?xml version="1.0" encoding="UTF-8"?>
<TestRun id="39376244-eb18-421a-8e47-2bbb34934abe" name="Shawn@SH-DEV-042 2013-10-10 14:05:47" runUser="SH-DEV-042\Shawn" xmlns="http://microsoft.com/schemas/VisualStudio/TeamTest/2010">
  <TestSettings name="Default Test Settings" id="cfa98a73-2c5d-45aa-be26-b0d60b2f70ae">
    <Deployment runDeploymentRoot="Shawn_SH-DEV-042 2013-10-10 14_05_47">
      <DeploymentItem filename="C:\Dropbox\Lib\Projects\Voodoo\Voodoo.TestData\Voodoo.TestData\bin\Debug\Voodoo.TestData.dll" />
    </Deployment>
    <Execution>
      <TestTypeSpecific />
      <AgentRule name="Execution Agents">
      </AgentRule>
    </Execution>
  </TestSettings>
  <Times creation="2013-10-10T14:05:47.4240810-05:00" queuing="2013-10-10T14:05:48.6615240-05:00" start="2013-10-10T14:05:48.7875690-05:00" finish="2013-10-10T14:07:09.8576124-05:00" />
  <ResultSummary outcome="Error">
    <Counters total="1" executed="1" error="0" failed="0" timeout="0" aborted="1" inconclusive="0" passedButRunAborted="0" notRunnable="0" notExecuted="0" disconnected="0" warning="0" passed="0" completed="0" inProgress="0" pending="0" />
    <RunInfos>
      <RunInfo computerName="SH-DEV-042" outcome="Error" timestamp="2013-10-10T14:07:09.8576124-05:00">
        <Text>Test host process exited unexpectedly.</Text>
      </RunInfo>
    </RunInfos>
  </ResultSummary>
  <TestDefinitions>
    <UnitTest name="RandomizerWorksAsExpectedWithStringLengthAttribute" storage="c:\dropbox\lib\projects\voodoo\voodoo.testdata\voodoo.testdata.tests\bin\debug\voodootestdatatest.dll" id="e7543e7c-0bcd-8c46-f496-9c652fce72a5">
      <Execution id="265f337c-5786-40b1-aa24-3af08afd0bc6" />
      <TestMethod codeBase="C:/Dropbox/Lib/Projects/Voodoo/Voodoo.TestData/Voodoo.TestData.Tests/bin/Debug/VoodooTestDataTest.DLL" adapterTypeName="Microsoft.VisualStudio.TestTools.TestTypes.Unit.UnitTestAdapter, Microsoft.VisualStudio.QualityTools.Tips.UnitTest.Adapter, Version=10.0.0.0, Culture=neutral, PublicKeyToken=b03f5f7f11d50a3a" className="VoodooTestDataTest.RandomizerTests, VoodooTestDataTest, Version=1.0.0.0, Culture=neutral, PublicKeyToken=null" name="RandomizerWorksAsExpectedWithStringLengthAttribute" />
    </UnitTest>
  </TestDefinitions>
  <TestLists>
    <TestList name="Results Not in a List" id="8c84fa94-04c1-424b-9868-57a2d4851a1d" />
    <TestList name="All Loaded Results" id="19431567-8539-422a-85d7-44ee4e166bda" />
  </TestLists>
  <TestEntries>
    <TestEntry testId="e7543e7c-0bcd-8c46-f496-9c652fce72a5" executionId="265f337c-5786-40b1-aa24-3af08afd0bc6" testListId="8c84fa94-04c1-424b-9868-57a2d4851a1d" />
  </TestEntries>
  <Results>
    <UnitTestResult executionId="265f337c-5786-40b1-aa24-3af08afd0bc6" testId="e7543e7c-0bcd-8c46-f496-9c652fce72a5" testName="RandomizerWorksAsExpectedWithStringLengthAttribute" computerName="SH-DEV-042" duration="00:01:20.9530010" startTime="2013-10-10T14:05:48.9046114-05:00" endTime="2013-10-10T14:07:09.8576124-05:00" testType="13cdc9d9-ddb5-4fa4-a97d-d965ccfc6d4b" outcome="Aborted" testListId="8c84fa94-04c1-424b-9868-57a2d4851a1d" relativeResultsDirectory="265f337c-5786-40b1-aa24-3af08afd0bc6">
    </UnitTestResult>
  </Results>
</TestRun>